[{"Raw":{"name":"foo"},"Target":{"ToRepoCloneURL":"https://github.com/example/repo"}}]
